1
 
          
         ==============================
         M I N O S    5.4    (Dec 1992)
         ==============================

      Begin t1diet   (DIET LP problem)
         Minimize
         Rows                      20
         Columns                   30
         Elements                  50
       
         MPS file                  10
       
         Iterations               100
         Print level                1  * OK for small problems
         Print frequency            1
         Summary frequency          1
      End DIET Problem
